Entries: 6
 [ 0] Key 'T0-d-0': 'from 0' (len 7)
 [ 1] Key 'T0-v1': '1' (len 2)
 [ 2] Key 'T0-v2': '2' (len 2)
 [ 3] Key 'd-0': 'from 0' (len 7)
 [ 4] Key 'v1': '1' (len 2)
 [ 5] Key 'v2': '2' (len 2)
