1000 x 1000 cells (mem 16.0 MB), running 50 iterations with 8 tasks
Residuum after  1 iters: 3007147.625000
Residuum after 11 iters: 2377.016846
Oops. Process with rank 1 did something silly on iteration 15. Aborting!
Residuum after 11 iters: 2377.016846
Oops. Process with rank 2 did something silly on iteration 21. Aborting!
Residuum after 21 iters: 150.808462
Residuum after 21 iters: 150.808462
Residuum after 31 iters: 82.356528
Oops. Process with rank 3 did something silly on iteration 32. Aborting!
Oops. Process with rank 5 did something silly on iteration 33. Aborting!
Residuum after 31 iters: 82.356528
Residuum after 41 iters: 53.986431
Global value sum after 50 iterations: 2946003.362703
